// Jest Snapshot v1, https://goo.gl/fbAQLP

exports[`Prueba en componente <GifItem /> debe de hacer match con el snapshot 1`] = `
<div>
  <div
    class="card"
  >
    <img
      alt="prueba Testing"
      src="https://pruebatesting.jpg/"
    />
    <p>
      prueba Testing
    </p>
  </div>
</div>
`;
