// Jest Snapshot v1, https://goo.gl/fbAQLP

exports[`Prueba en componente <CounterApp /> debe de hacer match con el snapshot 1`] = `
<div>
  <h1>
    CounterApp
  </h1>
  <h2>
    10
  </h2>
  <button
    name="+1"
  >
    +1
  </button>
  <button
    name="-1"
  >
    -1
  </button>
  <button
    aria-label="btn-reset"
    name="0"
  >
    Reset
  </button>
</div>
`;
